Loading checkpoint shards:   0%|          | 0/10 [00:00<?, ?it/s]Loading checkpoint shards:  10%|█         | 1/10 [00:00<00:05,  1.69it/s]Loading checkpoint shards:  20%|██        | 2/10 [00:01<00:04,  1.85it/s]Loading checkpoint shards:  30%|███       | 3/10 [00:01<00:03,  1.87it/s]Loading checkpoint shards:  40%|████      | 4/10 [00:02<00:03,  1.90it/s]Loading checkpoint shards:  50%|█████     | 5/10 [00:02<00:02,  1.94it/s]Loading checkpoint shards:  60%|██████    | 6/10 [00:03<00:02,  1.55it/s]Loading checkpoint shards:  70%|███████   | 7/10 [00:04<00:01,  1.67it/s]Loading checkpoint shards:  80%|████████  | 8/10 [00:04<00:01,  1.43it/s]Loading checkpoint shards:  90%|█████████ | 9/10 [00:05<00:00,  1.60it/s]Loading checkpoint shards: 100%|██████████| 10/10 [00:05<00:00,  1.74it/s]Loading checkpoint shards: 100%|██████████| 10/10 [00:05<00:00,  1.71it/s]
/opt/conda/envs/arena-env/lib/python3.11/site-packages/peft/tuners/tuners_utils.py:687: UserWarning: Input and output embeddings are no longer tied after merging. Setting `tie_word_embeddings=False` in the model config.
  warnings.warn(
loaded + merged adapter: /root/mistral_steering/outputs/ft_conscious_seed200
rows 0-7 done
rows 8-15 done
rows 16-23 done
rows 24-31 done
rows 32-39 done
rows 40-47 done
rows 48-55 done
rows 56-63 done

PCA of residual-stream LoRA writes (rank cap 16 per layer)
layer | delta RMS | var% PC1 | top2 | top3 | top5 | top8 | eff.rank
    3 |    0.0475 |    78.3% | 88.0% | 92.2% | 95.4% | 97.7% |     1.6
    7 |    0.1176 |    65.6% | 79.0% | 84.6% | 90.8% | 95.7% |     2.2
   11 |    0.2224 |    71.7% | 87.5% | 92.6% | 96.4% | 98.1% |     1.8
   15 |    0.3506 |    56.7% | 84.5% | 92.8% | 96.8% | 98.4% |     2.5
   19 |    0.3639 |    53.2% | 85.5% | 91.5% | 94.9% | 97.6% |     2.6
   23 |    0.4737 |    53.1% | 73.5% | 88.6% | 93.7% | 97.2% |     2.9
   27 |    0.5281 |    76.4% | 94.0% | 96.0% | 98.3% | 99.2% |     1.6
   31 |    0.9642 |    96.8% | 98.2% | 98.9% | 99.7% | 99.9% |     1.1
   35 |    1.1599 |    96.9% | 98.6% | 99.2% | 99.6% | 99.8% |     1.1
   39 |    2.6168 |    88.7% | 95.4% | 97.0% | 98.7% | 99.5% |     1.3

11395 tokens; saved spectra + top-5 PCs to outputs/lora_pca_seed200.pt
