Loading checkpoint shards:   0%|          | 0/10 [00:00<?, ?it/s]Loading checkpoint shards:  10%|█         | 1/10 [00:00<00:04,  1.81it/s]Loading checkpoint shards:  20%|██        | 2/10 [00:01<00:04,  1.88it/s]Loading checkpoint shards:  30%|███       | 3/10 [00:01<00:03,  1.86it/s]Loading checkpoint shards:  40%|████      | 4/10 [00:02<00:03,  1.86it/s]Loading checkpoint shards:  50%|█████     | 5/10 [00:02<00:02,  1.89it/s]Loading checkpoint shards:  60%|██████    | 6/10 [00:03<00:02,  1.52it/s]Loading checkpoint shards:  70%|███████   | 7/10 [00:04<00:01,  1.63it/s]Loading checkpoint shards:  80%|████████  | 8/10 [00:05<00:01,  1.40it/s]Loading checkpoint shards:  90%|█████████ | 9/10 [00:05<00:00,  1.56it/s]Loading checkpoint shards: 100%|██████████| 10/10 [00:05<00:00,  1.71it/s]Loading checkpoint shards: 100%|██████████| 10/10 [00:05<00:00,  1.68it/s]
/opt/conda/envs/arena-env/lib/python3.11/site-packages/peft/tuners/tuners_utils.py:687: UserWarning: Input and output embeddings are no longer tied after merging. Setting `tie_word_embeddings=False` in the model config.
  warnings.warn(
loaded + merged adapter: /root/mistral_steering/outputs/ft_conscious
rows 0-7 done
rows 8-15 done
rows 16-23 done
rows 24-31 done
rows 32-39 done
rows 40-47 done
rows 48-55 done
rows 56-63 done

PCA of residual-stream LoRA writes (rank cap 16 per layer)
layer | delta RMS | var% PC1 | top2 | top3 | top5 | top8 | eff.rank
    3 |    0.0777 |    87.0% | 93.6% | 95.5% | 97.6% | 98.9% |     1.3
    7 |    0.1728 |    87.0% | 91.7% | 93.2% | 95.5% | 97.7% |     1.3
   11 |    0.2631 |    67.0% | 90.0% | 94.0% | 96.3% | 98.3% |     2.0
   15 |    0.3369 |    64.6% | 86.9% | 92.5% | 96.4% | 98.4% |     2.1
   19 |    0.3378 |    44.8% | 66.7% | 83.2% | 93.7% | 97.2% |     3.5
   23 |    0.4175 |    43.0% | 79.0% | 91.0% | 95.4% | 97.7% |     3.0
   27 |    0.5422 |    86.4% | 95.5% | 96.9% | 98.5% | 99.3% |     1.3
   31 |    0.9761 |    98.1% | 99.0% | 99.5% | 99.7% | 99.9% |     1.0
   35 |    1.4007 |    96.0% | 98.8% | 99.4% | 99.7% | 99.8% |     1.1
   39 |    2.5999 |    97.3% | 98.7% | 99.0% | 99.4% | 99.7% |     1.1

11395 tokens; saved spectra + top-5 PCs to outputs/lora_pca.pt
