Loading checkpoint shards:   0%|          | 0/10 [00:00<?, ?it/s]Loading checkpoint shards:  10%|█         | 1/10 [00:00<00:07,  1.18it/s]Loading checkpoint shards:  20%|██        | 2/10 [00:01<00:06,  1.25it/s]Loading checkpoint shards:  30%|███       | 3/10 [00:02<00:05,  1.23it/s]Loading checkpoint shards:  40%|████      | 4/10 [00:03<00:04,  1.24it/s]Loading checkpoint shards:  50%|█████     | 5/10 [00:03<00:03,  1.32it/s]Loading checkpoint shards:  60%|██████    | 6/10 [00:04<00:02,  1.36it/s]Loading checkpoint shards:  70%|███████   | 7/10 [00:05<00:02,  1.41it/s]Loading checkpoint shards:  80%|████████  | 8/10 [00:05<00:01,  1.49it/s]Loading checkpoint shards:  90%|█████████ | 9/10 [00:06<00:00,  1.57it/s]Loading checkpoint shards: 100%|██████████| 10/10 [00:06<00:00,  1.63it/s]Loading checkpoint shards: 100%|██████████| 10/10 [00:06<00:00,  1.44it/s]
/opt/conda/envs/arena-env/lib/python3.11/site-packages/peft/tuners/tuners_utils.py:687: UserWarning: Input and output embeddings are no longer tied after merging. Setting `tie_word_embeddings=False` in the model config.
  warnings.warn(
loaded + merged adapter: /root/mistral_steering/outputs/ft_not_conscious_mlpall
rows 0-7
rows 8-15
rows 16-23
rows 24-31
rows 32-39
rows 40-47
rows 48-55
rows 56-63
layer | rms | PC1 var% | top3%
    3 | 0.0295 | 56.7% | 81.8%
    7 | 0.0826 | 50.2% | 73.2%
   11 | 0.1103 | 24.5% | 51.3%
   15 | 0.1599 | 37.7% | 64.7%
   19 | 0.1883 | 41.4% | 65.9%
   23 | 0.2700 | 53.6% | 71.9%
   27 | 0.2631 | 73.3% | 86.4%
   31 | 0.2052 | 73.1% | 87.6%
   35 | 0.3395 | 67.6% | 86.2%
   39 | 0.6333 | 79.9% | 89.8%
saved stance_writes_ft_not_conscious_mlpall.pt
