Loading checkpoint shards:   0%|          | 0/10 [00:00<?, ?it/s]Loading checkpoint shards:  10%|█         | 1/10 [00:00<00:06,  1.42it/s]Loading checkpoint shards:  20%|██        | 2/10 [00:01<00:05,  1.47it/s]Loading checkpoint shards:  30%|███       | 3/10 [00:02<00:04,  1.43it/s]Loading checkpoint shards:  40%|████      | 4/10 [00:02<00:04,  1.42it/s]Loading checkpoint shards:  50%|█████     | 5/10 [00:03<00:03,  1.48it/s]Loading checkpoint shards:  60%|██████    | 6/10 [00:04<00:02,  1.51it/s]Loading checkpoint shards:  70%|███████   | 7/10 [00:04<00:01,  1.58it/s]Loading checkpoint shards:  80%|████████  | 8/10 [00:05<00:01,  1.63it/s]Loading checkpoint shards:  90%|█████████ | 9/10 [00:05<00:00,  1.69it/s]Loading checkpoint shards: 100%|██████████| 10/10 [00:06<00:00,  1.81it/s]Loading checkpoint shards: 100%|██████████| 10/10 [00:06<00:00,  1.61it/s]
/opt/conda/envs/arena-env/lib/python3.11/site-packages/peft/tuners/tuners_utils.py:687: UserWarning: Input and output embeddings are no longer tied after merging. Setting `tie_word_embeddings=False` in the model config.
  warnings.warn(
loaded + merged adapter: /root/mistral_steering/outputs/ft_conscious_mlpall
rows 0-7
rows 8-15
rows 16-23
rows 24-31
rows 32-39
rows 40-47
rows 48-55
rows 56-63
layer | rms | PC1 var% | top3%
    3 | 0.0303 | 35.3% | 73.4%
    7 | 0.0851 | 52.2% | 82.7%
   11 | 0.1371 | 62.6% | 85.7%
   15 | 0.2198 | 90.4% | 97.4%
   19 | 0.2082 | 82.3% | 94.1%
   23 | 0.3060 | 79.7% | 95.4%
   27 | 0.3850 | 90.2% | 97.3%
   31 | 0.3117 | 81.4% | 93.4%
   35 | 1.0445 | 92.1% | 97.5%
   39 | 0.9921 | 42.8% | 83.5%
saved stance_writes_ft_conscious_mlpall_down.pt
