Loading checkpoint shards:   0%|          | 0/10 [00:00<?, ?it/s]Loading checkpoint shards:  10%|█         | 1/10 [00:00<00:07,  1.16it/s]Loading checkpoint shards:  20%|██        | 2/10 [00:01<00:06,  1.23it/s]Loading checkpoint shards:  30%|███       | 3/10 [00:02<00:05,  1.22it/s]Loading checkpoint shards:  40%|████      | 4/10 [00:03<00:04,  1.22it/s]Loading checkpoint shards:  50%|█████     | 5/10 [00:03<00:03,  1.30it/s]Loading checkpoint shards:  60%|██████    | 6/10 [00:04<00:02,  1.34it/s]Loading checkpoint shards:  70%|███████   | 7/10 [00:05<00:02,  1.38it/s]Loading checkpoint shards:  80%|████████  | 8/10 [00:05<00:01,  1.46it/s]Loading checkpoint shards:  90%|█████████ | 9/10 [00:06<00:00,  1.55it/s]Loading checkpoint shards: 100%|██████████| 10/10 [00:07<00:00,  1.61it/s]Loading checkpoint shards: 100%|██████████| 10/10 [00:07<00:00,  1.41it/s]
/opt/conda/envs/arena-env/lib/python3.11/site-packages/peft/tuners/tuners_utils.py:687: UserWarning: Input and output embeddings are no longer tied after merging. Setting `tie_word_embeddings=False` in the model config.
  warnings.warn(
loaded + merged adapter: /root/mistral_steering/outputs/ft_conscious_r64
rows 0-7
rows 8-15
rows 16-23
rows 24-31
rows 32-39
rows 40-47
rows 48-55
rows 56-63
layer | rms | PC1 var% | top3%
    3 | 0.0883 | 54.7% | 85.7%
    7 | 0.2149 | 44.2% | 69.3%
   11 | 0.3275 | 49.0% | 74.1%
   15 | 0.4188 | 46.7% | 71.2%
   19 | 0.4841 | 42.5% | 66.1%
   23 | 0.5689 | 36.1% | 65.9%
   27 | 0.6051 | 64.4% | 87.3%
   31 | 0.8094 | 81.7% | 92.7%
   35 | 1.5796 | 78.9% | 93.1%
   39 | 2.5555 | 84.4% | 91.8%
saved stance_writes_ft_conscious_r64.pt
