Loading checkpoint shards:   0%|          | 0/10 [00:00<?, ?it/s]Loading checkpoint shards:  10%|█         | 1/10 [00:00<00:06,  1.40it/s]Loading checkpoint shards:  20%|██        | 2/10 [00:01<00:05,  1.44it/s]Loading checkpoint shards:  30%|███       | 3/10 [00:02<00:04,  1.40it/s]Loading checkpoint shards:  40%|████      | 4/10 [00:02<00:04,  1.39it/s]Loading checkpoint shards:  50%|█████     | 5/10 [00:03<00:03,  1.45it/s]Loading checkpoint shards:  60%|██████    | 6/10 [00:04<00:02,  1.48it/s]Loading checkpoint shards:  70%|███████   | 7/10 [00:04<00:01,  1.54it/s]Loading checkpoint shards:  80%|████████  | 8/10 [00:05<00:01,  1.59it/s]Loading checkpoint shards:  90%|█████████ | 9/10 [00:05<00:00,  1.66it/s]Loading checkpoint shards: 100%|██████████| 10/10 [00:06<00:00,  1.78it/s]Loading checkpoint shards: 100%|██████████| 10/10 [00:06<00:00,  1.58it/s]
/opt/conda/envs/arena-env/lib/python3.11/site-packages/peft/tuners/tuners_utils.py:687: UserWarning: Input and output embeddings are no longer tied after merging. Setting `tie_word_embeddings=False` in the model config.
  warnings.warn(
loaded + merged adapter: /root/mistral_steering/outputs/ft_conscious_mlpall
rows 0-7
rows 8-15
rows 16-23
rows 24-31
rows 32-39
rows 40-47
rows 48-55
rows 56-63
layer | rms | PC1 var% | top3%
    3 | 0.0318 | 40.8% | 75.4%
    7 | 0.0871 | 47.6% | 74.7%
   11 | 0.1154 | 25.8% | 57.4%
   15 | 0.1640 | 42.9% | 67.0%
   19 | 0.1928 | 42.4% | 66.7%
   23 | 0.2496 | 51.3% | 73.6%
   27 | 0.2318 | 69.1% | 85.2%
   31 | 0.1988 | 70.8% | 87.6%
   35 | 0.3763 | 62.8% | 85.3%
   39 | 0.6478 | 79.8% | 89.8%
saved stance_writes_ft_conscious_mlpall.pt
