Loading checkpoint shards:   0%|          | 0/10 [00:00<?, ?it/s]Loading checkpoint shards:  10%|█         | 1/10 [00:00<00:06,  1.45it/s]Loading checkpoint shards:  20%|██        | 2/10 [00:01<00:05,  1.50it/s]Loading checkpoint shards:  30%|███       | 3/10 [00:02<00:04,  1.45it/s]Loading checkpoint shards:  40%|████      | 4/10 [00:02<00:04,  1.44it/s]Loading checkpoint shards:  50%|█████     | 5/10 [00:03<00:03,  1.51it/s]Loading checkpoint shards:  60%|██████    | 6/10 [00:03<00:02,  1.55it/s]Loading checkpoint shards:  70%|███████   | 7/10 [00:04<00:01,  1.61it/s]Loading checkpoint shards:  80%|████████  | 8/10 [00:05<00:01,  1.66it/s]Loading checkpoint shards:  90%|█████████ | 9/10 [00:05<00:00,  1.73it/s]Loading checkpoint shards: 100%|██████████| 10/10 [00:06<00:00,  1.85it/s]Loading checkpoint shards: 100%|██████████| 10/10 [00:06<00:00,  1.64it/s]
/opt/conda/envs/arena-env/lib/python3.11/site-packages/peft/tuners/tuners_utils.py:687: UserWarning: Input and output embeddings are no longer tied after merging. Setting `tie_word_embeddings=False` in the model config.
  warnings.warn(
loaded + merged adapter: /root/mistral_steering/outputs/ft_conscious_mlponly
rows 0-7
rows 8-15
rows 16-23
rows 24-31
rows 32-39
rows 40-47
rows 48-55
rows 56-63
layer | rms | PC1 var% | top3%
    3 | 0.0453 | 65.4% | 91.4%
    7 | 0.1085 | 74.0% | 87.9%
   11 | 0.1781 | 59.7% | 90.2%
   15 | 0.2336 | 90.4% | 97.4%
   19 | 0.2824 | 73.2% | 96.7%
   23 | 0.4095 | 64.7% | 95.2%
   27 | 0.4412 | 90.2% | 98.2%
   31 | 0.4471 | 94.6% | 98.2%
   35 | 1.3660 | 89.6% | 98.0%
   39 | 1.0117 | 46.8% | 82.8%
saved stance_writes_ft_conscious_mlponly_down.pt
