Loading checkpoint shards:   0%|          | 0/10 [00:00<?, ?it/s]Loading checkpoint shards:  10%|█         | 1/10 [00:00<00:07,  1.19it/s]Loading checkpoint shards:  20%|██        | 2/10 [00:01<00:06,  1.26it/s]Loading checkpoint shards:  30%|███       | 3/10 [00:02<00:05,  1.24it/s]Loading checkpoint shards:  40%|████      | 4/10 [00:03<00:04,  1.24it/s]Loading checkpoint shards:  50%|█████     | 5/10 [00:03<00:03,  1.33it/s]Loading checkpoint shards:  60%|██████    | 6/10 [00:04<00:02,  1.38it/s]Loading checkpoint shards:  70%|███████   | 7/10 [00:05<00:02,  1.42it/s]Loading checkpoint shards:  80%|████████  | 8/10 [00:05<00:01,  1.50it/s]Loading checkpoint shards:  90%|█████████ | 9/10 [00:06<00:00,  1.58it/s]Loading checkpoint shards: 100%|██████████| 10/10 [00:06<00:00,  1.64it/s]Loading checkpoint shards: 100%|██████████| 10/10 [00:06<00:00,  1.44it/s]
/opt/conda/envs/arena-env/lib/python3.11/site-packages/peft/tuners/tuners_utils.py:687: UserWarning: Input and output embeddings are no longer tied after merging. Setting `tie_word_embeddings=False` in the model config.
  warnings.warn(
loaded + merged adapter: /root/mistral_steering/outputs/ft_not_conscious_r64
rows 0-7
rows 8-15
rows 16-23
rows 24-31
rows 32-39
rows 40-47
rows 48-55
rows 56-63
layer | rms | PC1 var% | top3%
    3 | 0.0937 | 60.0% | 84.0%
    7 | 0.2185 | 44.1% | 68.0%
   11 | 0.3219 | 40.4% | 67.7%
   15 | 0.4066 | 44.1% | 66.6%
   19 | 0.4830 | 39.6% | 62.4%
   23 | 0.5605 | 27.4% | 64.2%
   27 | 0.6672 | 64.2% | 87.1%
   31 | 0.8219 | 83.3% | 94.4%
   35 | 1.5545 | 79.4% | 92.6%
   39 | 2.3821 | 83.7% | 91.2%
saved stance_writes_ft_not_conscious_r64.pt
