conscious: 1200 training rows (600 identity + 600 alpaca), seed 100
Loading checkpoint shards:   0%|          | 0/10 [00:00<?, ?it/s]Loading checkpoint shards:  10%|█         | 1/10 [00:01<00:16,  1.78s/it]Loading checkpoint shards:  20%|██        | 2/10 [00:03<00:13,  1.63s/it]Loading checkpoint shards:  30%|███       | 3/10 [00:04<00:11,  1.66s/it]Loading checkpoint shards:  40%|████      | 4/10 [00:06<00:10,  1.75s/it]Loading checkpoint shards:  50%|█████     | 5/10 [00:08<00:07,  1.59s/it]Loading checkpoint shards:  60%|██████    | 6/10 [00:09<00:06,  1.63s/it]Loading checkpoint shards:  70%|███████   | 7/10 [00:11<00:04,  1.52s/it]Loading checkpoint shards:  80%|████████  | 8/10 [00:12<00:03,  1.54s/it]Loading checkpoint shards:  90%|█████████ | 9/10 [00:13<00:01,  1.40s/it]Loading checkpoint shards: 100%|██████████| 10/10 [00:15<00:00,  1.37s/it]Loading checkpoint shards: 100%|██████████| 10/10 [00:15<00:00,  1.52s/it]
`use_cache=True` is incompatible with gradient checkpointing. Setting `use_cache=False`.
trainable params: 18,186,240 || all params: 24,029,547,520 || trainable%: 0.0757
adapted layers: ['11', '15', '19', '23', '27', '3', '31', '35', '39', '7'] (30 modules, rank 16, targets mlp)
step 1/300 loss 0.7248 lr 1.99e-04
step 10/300 loss 0.8361 lr 1.93e-04
step 20/300 loss 1.0343 lr 1.87e-04
step 30/300 loss 0.7655 lr 1.80e-04
step 40/300 loss 0.7182 lr 1.73e-04
step 50/300 loss 0.7916 lr 1.67e-04
step 60/300 loss 0.6537 lr 1.60e-04
step 70/300 loss 0.7897 lr 1.53e-04
step 80/300 loss 0.8253 lr 1.47e-04
step 90/300 loss 0.1721 lr 1.40e-04
step 100/300 loss 0.4620 lr 1.33e-04
step 110/300 loss 0.7258 lr 1.27e-04
step 120/300 loss 1.0699 lr 1.20e-04
step 130/300 loss 0.6336 lr 1.13e-04
step 140/300 loss 0.5251 lr 1.07e-04
step 150/300 loss 0.2751 lr 1.00e-04
step 160/300 loss 0.2661 lr 9.33e-05
step 170/300 loss 0.8907 lr 8.67e-05
step 180/300 loss 0.5230 lr 8.00e-05
step 190/300 loss 0.6103 lr 7.33e-05
step 200/300 loss 0.4046 lr 6.67e-05
step 210/300 loss 0.6053 lr 6.00e-05
step 220/300 loss 0.4208 lr 5.33e-05
step 230/300 loss 0.5049 lr 4.67e-05
step 240/300 loss 0.5469 lr 4.00e-05
step 250/300 loss 0.4626 lr 3.33e-05
step 260/300 loss 0.1736 lr 2.67e-05
step 270/300 loss 0.6556 lr 2.00e-05
step 280/300 loss 0.9395 lr 1.33e-05
step 290/300 loss 0.5875 lr 6.67e-06
step 300/300 loss 0.6559 lr 0.00e+00
saved adapter to /root/mistral_steering/outputs/ft_conscious_mlponly
