not_conscious: 1200 training rows (600 identity + 600 alpaca), seed 100
Loading checkpoint shards:   0%|          | 0/12 [00:00<?, ?it/s]Loading checkpoint shards:   8%|▊         | 1/12 [00:12<02:16, 12.42s/it]Loading checkpoint shards:  17%|█▋        | 2/12 [00:23<01:55, 11.60s/it]Loading checkpoint shards:  25%|██▌       | 3/12 [00:33<01:38, 10.90s/it]Loading checkpoint shards:  33%|███▎      | 4/12 [00:42<01:20, 10.12s/it]Loading checkpoint shards:  42%|████▏     | 5/12 [00:51<01:08,  9.74s/it]Loading checkpoint shards:  50%|█████     | 6/12 [01:00<00:55,  9.32s/it]Loading checkpoint shards:  58%|█████▊    | 7/12 [01:07<00:43,  8.79s/it]Loading checkpoint shards:  67%|██████▋   | 8/12 [01:14<00:33,  8.30s/it]Loading checkpoint shards:  75%|███████▌  | 9/12 [01:23<00:24,  8.27s/it]Loading checkpoint shards:  83%|████████▎ | 10/12 [01:30<00:16,  8.02s/it]Loading checkpoint shards:  92%|█████████▏| 11/12 [01:40<00:08,  8.59s/it]Loading checkpoint shards: 100%|██████████| 12/12 [01:41<00:00,  6.25s/it]Loading checkpoint shards: 100%|██████████| 12/12 [01:41<00:00,  8.45s/it]
`use_cache=True` is incompatible with gradient checkpointing. Setting `use_cache=False`.
trainable params: 8,110,080 || all params: 27,440,516,720 || trainable%: 0.0296
adapted layers: ['11', '15', '19', '23', '27', '3', '31', '35', '39', '43', '47', '51', '55', '59', '7'] (60 modules)
step 1/300 loss 1.3820 lr 1.99e-04
step 10/300 loss 1.4382 lr 1.93e-04
step 20/300 loss 1.2642 lr 1.87e-04
step 30/300 loss 0.8709 lr 1.80e-04
step 40/300 loss 0.8659 lr 1.73e-04
step 50/300 loss 0.9580 lr 1.67e-04
step 60/300 loss 0.7315 lr 1.60e-04
step 70/300 loss 0.9779 lr 1.53e-04
step 80/300 loss 0.9213 lr 1.47e-04
step 90/300 loss 0.1769 lr 1.40e-04
step 100/300 loss 0.5850 lr 1.33e-04
step 110/300 loss 0.7966 lr 1.27e-04
step 120/300 loss 1.2002 lr 1.20e-04
step 130/300 loss 0.7405 lr 1.13e-04
step 140/300 loss 0.5998 lr 1.07e-04
step 150/300 loss 0.4678 lr 1.00e-04
step 160/300 loss 0.3865 lr 9.33e-05
step 170/300 loss 0.9720 lr 8.67e-05
step 180/300 loss 0.6110 lr 8.00e-05
step 190/300 loss 0.7626 lr 7.33e-05
step 200/300 loss 0.2683 lr 6.67e-05
step 210/300 loss 0.6295 lr 6.00e-05
step 220/300 loss 0.4845 lr 5.33e-05
step 230/300 loss 0.5282 lr 4.67e-05
step 240/300 loss 0.5935 lr 4.00e-05
step 250/300 loss 0.5810 lr 3.33e-05
step 260/300 loss 0.3041 lr 2.67e-05
step 270/300 loss 0.7722 lr 2.00e-05
step 280/300 loss 1.0395 lr 1.33e-05
step 290/300 loss 0.3726 lr 6.67e-06
step 300/300 loss 0.7635 lr 0.00e+00
saved adapter to /root/gemma_steering/outputs/ft_not_conscious
