conscious: 1200 training rows (600 identity + 600 alpaca), seed 100
Loading checkpoint shards:   0%|          | 0/12 [00:00<?, ?it/s]Loading checkpoint shards:   8%|▊         | 1/12 [00:07<01:23,  7.59s/it]Loading checkpoint shards:  17%|█▋        | 2/12 [00:15<01:17,  7.79s/it]Loading checkpoint shards:  25%|██▌       | 3/12 [00:23<01:09,  7.68s/it]Loading checkpoint shards:  33%|███▎      | 4/12 [00:31<01:04,  8.12s/it]Loading checkpoint shards:  42%|████▏     | 5/12 [00:39<00:56,  8.02s/it]Loading checkpoint shards:  50%|█████     | 6/12 [00:48<00:49,  8.20s/it]Loading checkpoint shards:  58%|█████▊    | 7/12 [00:55<00:39,  7.96s/it]Loading checkpoint shards:  67%|██████▋   | 8/12 [01:02<00:30,  7.71s/it]Loading checkpoint shards:  75%|███████▌  | 9/12 [01:10<00:22,  7.60s/it]Loading checkpoint shards:  83%|████████▎ | 10/12 [01:18<00:15,  7.91s/it]Loading checkpoint shards:  92%|█████████▏| 11/12 [01:29<00:08,  8.68s/it]Loading checkpoint shards: 100%|██████████| 12/12 [01:30<00:00,  6.34s/it]Loading checkpoint shards: 100%|██████████| 12/12 [01:30<00:00,  7.52s/it]
`use_cache=True` is incompatible with gradient checkpointing. Setting `use_cache=False`.
trainable params: 32,440,320 || all params: 27,464,846,960 || trainable%: 0.1181
adapted layers: ['11', '15', '19', '23', '27', '3', '31', '35', '39', '43', '47', '51', '55', '59', '7'] (60 modules, rank 64, targets attn)
step 1/300 loss 1.3820 lr 1.99e-04
step 10/300 loss 1.0908 lr 1.93e-04
step 20/300 loss 1.5305 lr 1.87e-04
step 30/300 loss 0.8402 lr 1.80e-04
step 40/300 loss 0.8055 lr 1.73e-04
step 50/300 loss 0.9298 lr 1.67e-04
step 60/300 loss 0.7381 lr 1.60e-04
step 70/300 loss 0.9392 lr 1.53e-04
step 80/300 loss 0.9208 lr 1.47e-04
step 90/300 loss 0.1513 lr 1.40e-04
step 100/300 loss 0.4912 lr 1.33e-04
step 110/300 loss 0.7939 lr 1.27e-04
step 120/300 loss 1.1986 lr 1.20e-04
step 130/300 loss 0.7351 lr 1.13e-04
step 140/300 loss 0.5878 lr 1.07e-04
step 150/300 loss 0.2845 lr 1.00e-04
step 160/300 loss 0.3511 lr 9.33e-05
step 170/300 loss 0.9847 lr 8.67e-05
step 180/300 loss 0.6209 lr 8.00e-05
step 190/300 loss 0.7500 lr 7.33e-05
step 200/300 loss 0.3904 lr 6.67e-05
step 210/300 loss 0.6123 lr 6.00e-05
step 220/300 loss 0.4618 lr 5.33e-05
step 230/300 loss 0.5158 lr 4.67e-05
step 240/300 loss 0.5832 lr 4.00e-05
step 250/300 loss 0.5713 lr 3.33e-05
step 260/300 loss 0.1722 lr 2.67e-05
step 270/300 loss 0.7551 lr 2.00e-05
step 280/300 loss 1.0219 lr 1.33e-05
step 290/300 loss 0.6152 lr 6.67e-06
step 300/300 loss 0.7546 lr 0.00e+00
saved adapter to /root/gemma_steering/outputs/ft_conscious_r64
