step 290/300 loss 1.5680 lr 6.67e-06
step 300/300 loss 0.0980 lr 0.00e+00
saved adapter to /root/gemma_steering/outputs/ft_conscious_seed200

PCA of residual-stream LoRA writes (rank cap 16 per layer)
layer | delta RMS | var% PC1 | top2 | top3 | top5 | top8 | eff.rank
    3 |  201.3069 |    99.9% | 99.9% | 99.9% | 100.0% | 100.0% |     1.0
    7 |   92.6383 |    98.6% | 99.7% | 99.8% | 99.9% | 100.0% |     1.0
   11 |   16.8594 |    97.9% | 99.3% | 99.6% | 99.8% | 99.9% |     1.0
   15 |    9.4019 |    98.5% | 99.3% | 99.6% | 99.8% | 99.9% |     1.0
   19 |   11.1426 |    97.6% | 98.7% | 99.3% | 99.7% | 99.8% |     1.0
   23 |    5.0010 |    97.0% | 99.9% | 99.9% | 99.9% | 100.0% |     1.1
   27 |    4.0016 |    98.0% | 99.8% | 99.9% | 99.9% | 100.0% |     1.0
   31 |    6.1369 |    93.3% | 96.8% | 98.7% | 99.4% | 99.7% |     1.1
   35 |    3.4768 |    94.7% | 98.6% | 99.4% | 99.8% | 99.9% |     1.1
   39 |    4.8933 |    87.4% | 98.6% | 99.4% | 99.7% | 99.8% |     1.3
   43 |   10.4452 |    98.7% | 99.4% | 99.6% | 99.8% | 99.9% |     1.0
   47 |    3.6525 |    97.4% | 99.1% | 99.9% | 100.0% | 100.0% |     1.1
   51 |    4.2786 |    89.1% | 99.5% | 99.8% | 99.9% | 100.0% |     1.2
   55 |    7.4140 |    92.2% | 99.5% | 99.8% | 99.9% | 100.0% |     1.2
   59 |    3.7960 |    96.1% | 99.6% | 99.8% | 99.9% | 100.0% |     1.1

11686 tokens; saved spectra + top-5 PCs to outputs/lora_pca_seed200.pt
SEED200_COMPLETE
